// Jest Snapshot v1, https://goo.gl/fbAQLP

exports[`<Navigation/> renders correctly 1`] = `
<div
  className="container"
>
  <div
    className="grid"
  />
  <div
    className="css-0"
  >
    <div
      className="css-1asah85"
    />
    <div
      className="css-bz4xzu"
    />
    <div
      className="css-1asah85"
    />
  </div>
  <div
    className="text-right"
  >
    <div />
  </div>
</div>
`;
