// Jest Snapshot v1, https://goo.gl/fbAQLP

exports[`<Thumbnail/> should render properly 1`] = `
<a
  className="video-link"
  href="/video"
  onClick={[Function]}
>
  <img
    alt="http://helloworld.jpg"
    className="responsive-image"
    id="23555"
    src="http://helloworld.jpg"
  />
  <div
    className="thumbnail-type"
  >
    <svg
      className="bi bi-file-earmark-play-fill"
      fill="currentColor"
      height="1em"
      viewBox="0 0 16 16"
      width="1em"
      xmlns="http://www.w3.org/2000/svg"
    >
      <path
        d="M2 2a2 2 0 0 1 2-2h5.293A1 1 0 0 1 10 .293L13.707 4a1 1 0 0 1 .293.707V14a2 2 0 0 1-2 2H4a2 2 0 0 1-2-2V2zm7.5 1.5v-2l3 3h-2a1 1 0 0 1-1-1zM6 6.883v4.234a.5.5 0 0 0 .757.429l3.528-2.117a.5.5 0 0 0 0-.858L6.757 6.454a.5.5 0 0 0-.757.43z"
        fillRule="evenodd"
      />
    </svg>
  </div>
</a>
`;
